*** PICOBIT ERROR -- cannot mutate primitive car at 9:18
